// Jest Snapshot v1, https://goo.gl/fbAQLP

exports[`snapshot tests renders when children is component 1`] = `
Array [
  <View
    accessibilityElementsHidden={true}
    importantForAccessibility="no-hide-descendants"
    style={
      Object {
        "alignItems": "center",
        "display": "flex",
        "height": "100%",
        "justifyContent": "center",
        "left": 0,
        "position": "absolute",
        "top": 0,
        "width": "100%",
      }
    }
  >
    <Text>
      10
    </Text>
  </View>,
  <Text
    accessibilityLiveRegion="assertive"
    accessibilityRole="timer"
    importantForAccessibility="yes"
    style={
      Object {
        "height": 0,
        "opacity": 0,
      }
    }
  >
    10
  </Text>,
]
`;

exports[`snapshot tests renders when children is function 1`] = `
Array [
  <View
    accessibilityElementsHidden={true}
    importantForAccessibility="no-hide-descendants"
    style={
      Object {
        "alignItems": "center",
        "display": "flex",
        "height": "100%",
        "justifyContent": "center",
        "left": 0,
        "position": "absolute",
        "top": 0,
        "width": "100%",
      }
    }
  >
    <Text>
      10
    </Text>
  </View>,
  <Text
    accessibilityLiveRegion="assertive"
    accessibilityRole="timer"
    importantForAccessibility="yes"
    style={
      Object {
        "height": 0,
        "opacity": 0,
      }
    }
  >
    10
  </Text>,
]
`;
